../Drivers/STM32F1xx_HAL_Driver/Inc/stm32f1xx_ll_i2c.h:348:22:LL_I2C_Enable	16	static
../Drivers/STM32F1xx_HAL_Driver/Inc/stm32f1xx_ll_i2c.h:359:22:LL_I2C_Disable	16	static
../Drivers/STM32F1xx_HAL_Driver/Inc/stm32f1xx_ll_i2c.h:728:22:LL_I2C_ConfigSpeed	32	static
../Drivers/STM32F1xx_HAL_Driver/Inc/stm32f1xx_ll_i2c.h:1167:26:LL_I2C_IsActiveFlag_SB	16	static
../Drivers/STM32F1xx_HAL_Driver/Inc/stm32f1xx_ll_i2c.h:1180:26:LL_I2C_IsActiveFlag_ADDR	16	static
../Drivers/STM32F1xx_HAL_Driver/Inc/stm32f1xx_ll_i2c.h:1395:22:LL_I2C_ClearFlag_ADDR	24	static
../Drivers/STM32F1xx_HAL_Driver/Inc/stm32f1xx_ll_i2c.h:1553:22:LL_I2C_AcknowledgeNextData	16	static
../Drivers/STM32F1xx_HAL_Driver/Inc/stm32f1xx_ll_i2c.h:1566:22:LL_I2C_GenerateStartCondition	16	static
../Drivers/STM32F1xx_HAL_Driver/Inc/stm32f1xx_ll_i2c.h:1577:22:LL_I2C_GenerateStopCondition	16	static
../Drivers/STM32F1xx_HAL_Driver/Inc/stm32f1xx_ll_i2c.h:1601:22:LL_I2C_DisableBitPOS	16	static
../Drivers/STM32F1xx_HAL_Driver/Inc/stm32f1xx_ll_i2c.h:1739:22:LL_I2C_TransmitData8	16	static
../Drivers/STM32F1xx_HAL_Driver/Inc/stm32f1xx_ll_cortex.h:230:26:LL_SYSTICK_IsActiveCounterFlag	4	static
../Drivers/STM32F1xx_HAL_Driver/Inc/stm32f1xx_ll_gpio.h:803:22:LL_GPIO_SetOutputPin	16	static
../Drivers/STM32F1xx_HAL_Driver/Inc/stm32f1xx_ll_gpio.h:832:22:LL_GPIO_ResetOutputPin	16	static
../Core/Src/main.c:73:6:HAL_UART_TxCpltCallback	16	static
../Core/Src/main.c:77:9:I2C_Check	24	static
../Core/Src/main.c:115:9:I2C_Roll_Speed	40	static
../Core/Src/main.c:221:5:main	16	static
../Core/Src/main.c:336:6:SystemClock_Config	72	static
../Core/Src/main.c:376:13:MX_I2C1_Init	8	static
../Core/Src/main.c:410:13:MX_USART1_UART_Init	8	static
../Core/Src/main.c:441:13:MX_DMA_Init	16	static
../Core/Src/main.c:462:13:MX_GPIO_Init	40	static
../Core/Src/main.c:496:6:Error_Handler	4	static,ignoring_inline_asm
