../Drivers/STM32F1xx_HAL_Driver/Inc/stm32f1xx_ll_tim.h:1245:22:LL_TIM_DisableARRPreload	1
../Drivers/STM32F1xx_HAL_Driver/Inc/stm32f1xx_ll_tim.h:1855:22:LL_TIM_OC_DisableFast	7
../Drivers/STM32F1xx_HAL_Driver/Inc/stm32f1xx_ll_tim.h:1899:22:LL_TIM_OC_EnablePreload	7
../Drivers/STM32F1xx_HAL_Driver/Inc/stm32f1xx_ll_tim.h:2629:22:LL_TIM_SetTriggerOutput	1
../Drivers/STM32F1xx_HAL_Driver/Inc/stm32f1xx_ll_tim.h:2695:22:LL_TIM_DisableMasterSlaveMode	1
../Drivers/STM32F1xx_HAL_Driver/Inc/stm32f1xx_ll_bus.h:445:22:LL_APB1_GRP1_EnableClock	1
../Drivers/STM32F1xx_HAL_Driver/Inc/stm32f1xx_ll_bus.h:761:22:LL_APB2_GRP1_EnableClock	1
../Core/Src/main.c:88:6:HAL_UART_TxCpltCallback	1
../Core/Src/main.c:95:6:printr	4
../Core/Src/main.c:174:5:main	1
../Core/Src/main.c:307:6:SystemClock_Config	3
../Core/Src/main.c:347:13:MX_I2C1_Init	2
../Core/Src/main.c:381:13:MX_TIM3_Init	1
../Core/Src/main.c:439:13:MX_USART1_UART_Init	2
../Core/Src/main.c:470:13:MX_DMA_Init	1
../Core/Src/main.c:488:13:MX_GPIO_Init	1
../Core/Src/main.c:535:6:StartDefaultTask	1
../Core/Src/main.c:565:6:StartTask_1	2
../Core/Src/main.c:587:6:StartTask_2	1
../Core/Src/main.c:607:6:HAL_TIM_PeriodElapsedCallback	2
../Core/Src/main.c:624:6:Error_Handler	1
